
============================================================
  baseline (climate_problem) — State-Level Estimates
============================================================
  States with estimates: 51
  States with NaN:       0
  Mean estimate:         0.6425
  Median estimate:       0.6471
  Min estimate:          0.3881
  Max estimate:          0.9048

  Saved → /Users/kaeleyoshea/Capstone/A.MRdeeP-Deep-Learning--MRP/model_run_ces/sample3_state/outputs/estimates/climate_problem_state_estimates.csv
============================================================

Diagnostic summary saved → /Users/kaeleyoshea/Capstone/A.MRdeeP-Deep-Learning--MRP/model_run_ces/sample3_state/outputs/diagnostics/baseline_climate_problem_summary.txt

============================================================
  baseline (renewable_fuel) — State-Level Estimates
============================================================
  States with estimates: 51
  States with NaN:       0
  Mean estimate:         0.5976
  Median estimate:       0.5933
  Min estimate:          0.3333
  Max estimate:          0.9000

  Saved → /Users/kaeleyoshea/Capstone/A.MRdeeP-Deep-Learning--MRP/model_run_ces/sample3_state/outputs/estimates/renewable_fuel_state_estimates.csv
============================================================

Diagnostic summary saved → /Users/kaeleyoshea/Capstone/A.MRdeeP-Deep-Learning--MRP/model_run_ces/sample3_state/outputs/diagnostics/baseline_renewable_fuel_summary.txt
