
============================================================
  glm_mrp (climate_problem) — State-Level Estimates
============================================================
  States with estimates: 51
  States with NaN:       0
  Mean estimate:         0.6366
  Median estimate:       0.6090
  Min estimate:          0.5228
  Max estimate:          0.8344

  Saved → /Users/kaeleyoshea/Capstone/A.MRdeeP-Deep-Learning--MRP/model_run_ces/sample3_state/outputs/estimates/climate_problem_state_estimates.csv
============================================================

Diagnostic summary saved → /Users/kaeleyoshea/Capstone/A.MRdeeP-Deep-Learning--MRP/model_run_ces/sample3_state/outputs/diagnostics/glm_mrp_climate_problem_summary.txt

============================================================
  glm_mrp (renewable_fuel) — State-Level Estimates
============================================================
  States with estimates: 51
  States with NaN:       0
  Mean estimate:         0.5921
  Median estimate:       0.5801
  Min estimate:          0.3636
  Max estimate:          0.8086

  Saved → /Users/kaeleyoshea/Capstone/A.MRdeeP-Deep-Learning--MRP/model_run_ces/sample3_state/outputs/estimates/renewable_fuel_state_estimates.csv
============================================================

Diagnostic summary saved → /Users/kaeleyoshea/Capstone/A.MRdeeP-Deep-Learning--MRP/model_run_ces/sample3_state/outputs/diagnostics/glm_mrp_renewable_fuel_summary.txt
