
============================================================
  glmer_mrp (climate_problem) — State-Level Estimates
============================================================
  States with estimates: 51
  States with NaN:       0
  Mean estimate:         0.6258
  Median estimate:       0.6271
  Min estimate:          0.4934
  Max estimate:          0.9109

  Saved → /Users/kaeleyoshea/Capstone/A.MRdeeP-Deep-Learning--MRP/model_run_ces/sample3_state/outputs/estimates/climate_problem_state_estimates.csv
============================================================

Diagnostic summary saved → /Users/kaeleyoshea/Capstone/A.MRdeeP-Deep-Learning--MRP/model_run_ces/sample3_state/outputs/diagnostics/glmer_mrp_climate_problem_summary.txt

============================================================
  glmer_mrp (renewable_fuel) — State-Level Estimates
============================================================
  States with estimates: 51
  States with NaN:       0
  Mean estimate:         0.5887
  Median estimate:       0.5907
  Min estimate:          0.3726
  Max estimate:          0.8634

  Saved → /Users/kaeleyoshea/Capstone/A.MRdeeP-Deep-Learning--MRP/model_run_ces/sample3_state/outputs/estimates/renewable_fuel_state_estimates.csv
============================================================

Diagnostic summary saved → /Users/kaeleyoshea/Capstone/A.MRdeeP-Deep-Learning--MRP/model_run_ces/sample3_state/outputs/diagnostics/glmer_mrp_renewable_fuel_summary.txt
